[2026-07-07 21:56:28] Mulai job scheduler harian HydroGIS.
[2026-07-07 21:56:28] Log file: C:\Users\Vino\Documents\SKRIPSI\artifacts\scheduler_logs\daily_refresh_20260707_215628.log
[2026-07-07 21:56:28] Environment: LOCAL
[2026-07-07 21:56:28] Langkah 1/2: update dataset cuaca incremental.
[INFO] Dataset target: C:\Users\Vino\Documents\SKRIPSI\Master_Data_Spasial_Jaktim_1990_sekarang.csv
[INFO] Periode update incremental: 2026-06-25 s.d. 2026-07-07
[1/10] Mengunduh update Matraman dari 2026-06-25 s.d. 2026-07-07...
[2/10] Mengunduh update Pulo Gadung dari 2026-06-25 s.d. 2026-07-07...
[3/10] Mengunduh update Jatinegara dari 2026-06-25 s.d. 2026-07-07...
[4/10] Mengunduh update Duren Sawit dari 2026-06-25 s.d. 2026-07-07...
[5/10] Mengunduh update Kramat Jati dari 2026-06-25 s.d. 2026-07-07...
[6/10] Mengunduh update Makasar dari 2026-06-25 s.d. 2026-07-07...
[7/10] Mengunduh update Pasar Rebo dari 2026-06-25 s.d. 2026-07-07...
[8/10] Mengunduh update Ciracas dari 2026-06-25 s.d. 2026-07-07...
[9/10] Mengunduh update Cipayung dari 2026-06-25 s.d. 2026-07-07...
[10/10] Mengunduh update Cakung dari 2026-06-25 s.d. 2026-07-07...
[INFO] Baris lama : 133,280
[INFO] Baris update: 130
[INFO] Baris akhir: 133,370
[INFO] Tanggal terbaru sebelum update: 2026-06-28
[INFO] Tanggal terbaru sesudah update: 2026-07-07
[OK] Dataset berhasil diperbarui: C:\Users\Vino\Documents\SKRIPSI\Master_Data_Spasial_Jaktim_1990_sekarang.csv
[2026-07-07 21:56:57] Langkah 2/2: export prediksi statis ke data/east-jakarta-predictions.json.
Payload statis berhasil diekspor ke C:\Users\Vino\Documents\SKRIPSI\data\east-jakarta-predictions.json
[2026-07-07 21:57:12] Job scheduler harian selesai tanpa error.
